---
http_interactions:
- request:
    method: get
    uri: http://localhost:3030/constituencies/postcode_lookup/SW1A2AA
    body:
      encoding: US-ASCII
      string: ''
    headers:
      Accept-Encoding:
      - gzip;q=1.0,deflate;q=0.6,identity;q=0.3
      Accept:
      - "*/*"
      - application/n-triples
      User-Agent:
      - Ruby
      Ocp-Apim-Subscription-Key:
      - "<AUTH_TOKEN>"
  response:
    status:
      code: 200
      message: OK
    headers:
      Cache-Control:
      - no-store, must-revalidate, no-cache
      Pragma:
      - no-cache
      Content-Length:
      - '1834'
      Content-Type:
      - application/n-triples
      Expires:
      - Thu, 15 Jun 2017 09:53:08 GMT
      Set-Cookie:
      - ARRAffinity=84da135d793d1a6b30cd9dc12f2e362e46368d998b5277708a22eabe7aaf7896;Path=/;Domain=20170412115159fixedquery.azurewebsites.net
      X-Aspnet-Version:
      - 4.0.30319
      X-Powered-By:
      - ASP.NET
      Date:
      - Thu, 15 Jun 2017 09:53:08 GMT
    body:
      encoding: UTF-8
      string: "<http://id.ukpds.org/SNz83iQG> <http://www.w3.org/1999/02/22-rdf-syntax-ns#type>
        <http://id.ukpds.org/schema/ConstituencyGroup> .\r\n<http://id.ukpds.org/SNz83iQG>
        <http://id.ukpds.org/schema/constituencyGroupName> \"constituencyGroupName
        - 1\" .\r\n<http://id.ukpds.org/SNz83iQG> <http://id.ukpds.org/schema/constituencyGroupHasHouseSeat>
        <http://id.ukpds.org/6oPGpuit> .\r\n<http://id.ukpds.org/6oPGpuit> <http://www.w3.org/1999/02/22-rdf-syntax-ns#type>
        <http://id.ukpds.org/schema/HouseSeat> .\r\n<http://id.ukpds.org/6oPGpuit>
        <http://id.ukpds.org/schema/houseSeatHasSeatIncumbency> <http://id.ukpds.org/2o2OUcn4>
        .\r\n<http://id.ukpds.org/2o2OUcn4> <http://www.w3.org/1999/02/22-rdf-syntax-ns#type>
        <http://id.ukpds.org/schema/SeatIncumbency> .\r\n<http://id.ukpds.org/2o2OUcn4>
        <http://id.ukpds.org/schema/incumbencyHasMember> <http://id.ukpds.org/7SRF7yEU>
        .\r\n<http://id.ukpds.org/7SRF7yEU> <http://www.w3.org/1999/02/22-rdf-syntax-ns#type>
        <http://id.ukpds.org/schema/Person> .\r\n<http://id.ukpds.org/7SRF7yEU> <http://id.ukpds.org/schema/personGivenName>
        \"personGivenName - 1\" .\r\n<http://id.ukpds.org/7SRF7yEU> <http://id.ukpds.org/schema/personFamilyName>
        \"personFamilyName - 1\" .\r\n<http://id.ukpds.org/7SRF7yEU> <http://example.com/F31CBD81AD8343898B49DC65743F0BDF>
        \"F31CBD81AD8343898B49DC65743F0BDF - 1\" .\r\n<http://id.ukpds.org/7SRF7yEU>
        <http://id.ukpds.org/schema/partyMemberHasPartyMembership> <http://id.ukpds.org/tfW5UW05>
        .\r\n<http://id.ukpds.org/tfW5UW05> <http://www.w3.org/1999/02/22-rdf-syntax-ns#type>
        <http://id.ukpds.org/schema/PartyMembership> .\r\n<http://id.ukpds.org/tfW5UW05>
        <http://id.ukpds.org/schema/partyMembershipHasParty> <http://id.ukpds.org/6THXr8R6>
        .\r\n<http://id.ukpds.org/6THXr8R6> <http://www.w3.org/1999/02/22-rdf-syntax-ns#type>
        <http://id.ukpds.org/schema/Party> .\r\n<http://id.ukpds.org/6THXr8R6> <http://id.ukpds.org/schema/partyName>
        \"partyName - 1\" .\r\n"
    http_version: 
  recorded_at: Thu, 15 Jun 2017 09:53:08 GMT
- request:
    method: get
    uri: http://localhost:3030/houses
    body:
      encoding: US-ASCII
      string: ''
    headers:
      Accept-Encoding:
      - gzip;q=1.0,deflate;q=0.6,identity;q=0.3
      Accept:
      - "*/*"
      - application/n-triples
      User-Agent:
      - Ruby
      Ocp-Apim-Subscription-Key:
      - "<AUTH_TOKEN>"
  response:
    status:
      code: 200
      message: OK
    headers:
      Cache-Control:
      - no-store, must-revalidate, no-cache
      Pragma:
      - no-cache
      Content-Length:
      - '420'
      Content-Type:
      - application/n-triples
      Expires:
      - Thu, 15 Jun 2017 09:53:08 GMT
      Set-Cookie:
      - ARRAffinity=84da135d793d1a6b30cd9dc12f2e362e46368d998b5277708a22eabe7aaf7896;Path=/;Domain=20170412115159fixedquery.azurewebsites.net
      X-Aspnet-Version:
      - 4.0.30319
      X-Powered-By:
      - ASP.NET
      Date:
      - Thu, 15 Jun 2017 09:53:08 GMT
    body:
      encoding: UTF-8
      string: "<http://id.ukpds.org/cqIATgUK> <http://www.w3.org/1999/02/22-rdf-syntax-ns#type>
        <http://id.ukpds.org/schema/House> .\r\n<http://id.ukpds.org/cqIATgUK> <http://id.ukpds.org/schema/houseName>
        \"houseName - 1\" .\r\n<http://id.ukpds.org/mG2ur5TF> <http://www.w3.org/1999/02/22-rdf-syntax-ns#type>
        <http://id.ukpds.org/schema/House> .\r\n<http://id.ukpds.org/mG2ur5TF> <http://id.ukpds.org/schema/houseName>
        \"houseName - 2\" .\r\n"
    http_version: 
  recorded_at: Thu, 15 Jun 2017 09:53:08 GMT
recorded_with: VCR 3.0.3
